[tachyon-analytics.com/index.html]
[backblue.gif]
[fade.gif]
[index.html]
[tachyon-analytics.com/assets/bootstrap.min.css]
[stackpath.bootstrapcdn.com/font-awesome/4.7.0/css/font-awesome.min.css]
[tachyon-analytics.com/assets/jquery.bxslider.css]
[tachyon-analytics.com/assets/custom.css]
[tachyon-analytics.com/assets/logo.jpg]
[tachyon-analytics.com/career.html]
[tachyon-analytics.com/contact.html]
[tachyon-analytics.com/assets/1023420115-lowres.qt]
[tachyon-analytics.com/assets/banner2.jpg]
[tachyon-analytics.com/assets/solution-icon1.png]
[tachyon-analytics.com/assets/solution-icon2.png]
[tachyon-analytics.com/assets/solution-icon3.png]
[tachyon-analytics.com/assets/solution-icon4.png]
[tachyon-analytics.com/assets/solution-icon5.png]
[tachyon-analytics.com/assets/solution-icon6.png]
[tachyon-analytics.com/assets/icon1.png]
[tachyon-analytics.com/assets/icon2.png]
[tachyon-analytics.com/assets/icon4.png]
[tachyon-analytics.com/assets/footer-map.png]
[cdnjs.cloudflare.com/ajax/libs/jquery/2.1.3/jquery.min.js]
[tachyon-analytics.com/assets/bootstrap.min.js]
[tachyon-analytics.com/assets/jquery.bxslider.js]
[cdnjs.cloudflare.com/ajax/libs/waypoints/2.0.3/waypoints.min.js]
[cdn.jsdelivr.net/jquery.counterup/1.0/jquery.counterup.min.js]
[tachyon-analytics.com/index.html]
[tachyon-analytics.com/assets/bootstrap.min.css]
[stackpath.bootstrapcdn.com/font-awesome/4.7.0/css/font-awesome.min.css]
[tachyon-analytics.com/assets/images/controls.png]
[tachyon-analytics.com/assets/jquery.bxslider.css]
[tachyon-analytics.com/assets/category-bg.jpg]
[tachyon-analytics.com/assets/testimonial-bg.jpg]
[tachyon-analytics.com/assets/next-bt.png]
[tachyon-analytics.com/assets/prev-bt.png]
[tachyon-analytics.com/assets/address-icon.png]
[tachyon-analytics.com/assets/phone-icon.png]
[tachyon-analytics.com/assets/email-icon.png]
[tachyon-analytics.com/assets/career-banner.jpg]
[tachyon-analytics.com/assets/arrow-icon.png]
[tachyon-analytics.com/assets/address-icon2.png]
[tachyon-analytics.com/assets/phone-icon2.png]
[tachyon-analytics.com/assets/email-icon2.png]
[tachyon-analytics.com/assets/product-banner.jpg]
[tachyon-analytics.com/assets/product-img.png]
[tachyon-analytics.com/assets/result-banner.png]
[tachyon-analytics.com/assets/attandence-bg.jpg]
[tachyon-analytics.com/assets/right_icon.png]
[tachyon-analytics.com/assets/arrow2.png]
[tachyon-analytics.com/assets/custom.css]
[tachyon-analytics.com/favicon.ico]
[tachyon-analytics.com/assets/career-img.jpg]
[tachyon-analytics.com/assets/us-flag.jpg]
[tachyon-analytics.com/assets/by-flag.jpg]
[tachyon-analytics.com/career.html]
[tachyon-analytics.com/contact.html]
[tachyon-analytics.com/assets/images/controls.html]
[tachyon-analytics.com/assets/next-bt.html]
[tachyon-analytics.com/assets/prev-bt.html]
[tachyon-analytics.com/assets/product-img.html]
[tachyon-analytics.com/assets/result-banner.html]
[tachyon-analytics.com/assets/arrow2.html]
[tachyon-analytics.com/assets/by-flag.html]
[tachyon-analytics.com/custom.js]
